src/App.tsx(65,15): error TS2322: Type '{ onToggleDarkMode: () => void; isDarkMode: boolean; }' is not assignable to type 'IntrinsicAttributes'.
  Property 'onToggleDarkMode' does not exist on type 'IntrinsicAttributes'.
src/pages/DashboardHome.tsx(64,10): error TS2304: Cannot find name 'CardHeader'.
src/pages/DashboardHome.tsx(65,12): error TS2304: Cannot find name 'CardTitle'.
src/pages/DashboardHome.tsx(65,40): error TS2304: Cannot find name 'CardTitle'.
src/pages/DashboardHome.tsx(66,12): error TS2304: Cannot find name 'CardDescription'.
src/pages/DashboardHome.tsx(68,13): error TS2304: Cannot find name 'CardDescription'.
src/pages/DashboardHome.tsx(69,11): error TS2304: Cannot find name 'CardHeader'.
src/pages/DashboardHome.tsx(92,20): error TS2304: Cannot find name 'CardHeader'.
src/pages/DashboardHome.tsx(96,22): error TS2304: Cannot find name 'CardTitle'.
src/pages/DashboardHome.tsx(96,49): error TS2304: Cannot find name 'CardTitle'.
src/pages/DashboardHome.tsx(97,22): error TS2304: Cannot find name 'CardDescription'.
src/pages/DashboardHome.tsx(97,54): error TS2304: Cannot find name 'CardDescription'.
src/pages/DashboardHome.tsx(98,21): error TS2304: Cannot find name 'CardHeader'.
src/pages/DashboardHome.tsx(108,10): error TS2304: Cannot find name 'CardHeader'.
src/pages/DashboardHome.tsx(109,12): error TS2304: Cannot find name 'CardTitle'.
src/pages/DashboardHome.tsx(109,37): error TS2304: Cannot find name 'CardTitle'.
src/pages/DashboardHome.tsx(110,11): error TS2304: Cannot find name 'CardHeader'.
